// Jest Snapshot v1, https://goo.gl/fbAQLP

exports[`<Hello /> should render a message and a button 1`] = `
ShallowWrapper {
  "complexSelector": ComplexSelector {
    "buildPredicate": [Function],
    "childrenOfNode": [Function],
    "findWhereUnwrapped": [Function],
  },
  "length": 1,
  "node": <section>
    <h1>
        Hello 
        !!
    </h1>
    <button
        id="toggleMessage"
    >
        change message
    </button>
</section>,
  "nodes": Array [
    <section>
      <h1>
            Hello 
            !!
      </h1>
      <button
            id="toggleMessage"
      >
            change message
      </button>
</section>,
  ],
  "options": Object {},
  "renderer": ReactShallowRenderer {
    "_instance": ShallowComponentWrapper {
      "_calledComponentWillUnmount": false,
      "_compositeType": 0,
      "_context": Object {},
      "_currentElement": <Hello />,
      "_debugID": 1,
      "_hostContainerInfo": null,
      "_hostParent": null,
      "_instance": Hello {
        "_reactInternalInstance": [Circular],
        "context": Object {},
        "props": Object {},
        "refs": Object {},
        "state": null,
        "updater": Object {
          "enqueueCallback": [Function],
          "enqueueCallbackInternal": [Function],
          "enqueueElementInternal": [Function],
          "enqueueForceUpdate": [Function],
          "enqueueReplaceState": [Function],
          "enqueueSetState": [Function],
          "isMounted": [Function],
          "validateCallback": [Function],
        },
      },
      "_mountOrder": 1,
      "_pendingCallbacks": null,
      "_pendingElement": null,
      "_pendingForceUpdate": false,
      "_pendingReplaceState": false,
      "_pendingStateQueue": null,
      "_renderedComponent": NoopInternalComponent {
        "_currentElement": <section>
          <h1>
                    Hello 
                    !!
          </h1>
          <button
                    id="toggleMessage"
          >
                    change message
          </button>
</section>,
        "_debugID": 2,
        "_renderedOutput": <section>
          <h1>
                    Hello 
                    !!
          </h1>
          <button
                    id="toggleMessage"
          >
                    change message
          </button>
</section>,
      },
      "_renderedNodeType": 0,
      "_rootNodeID": 0,
      "_topLevelWrapper": null,
      "_updateBatchNumber": null,
      "_warnedAboutRefsInRender": false,
    },
    "getRenderOutput": [Function],
    "render": [Function],
  },
  "root": [Circular],
  "unrendered": <Hello />,
}
`;
